[dotenv@17.3.1] injecting env (65) from .env -- tip: 🤖 agentic secret storage: https://dotenvx.com/as2
[validate-env] WARN: ORANGE_WEBHOOK_TOKEN est absent: Orange acceptera les SMS, mais le statut de livraison ne sera pas remonté.
[validate-env] WARN: BACKEND_PUBLIC_URL/RENDER_EXTERNAL_URL absent: le webhook de livraison SMS Orange peut être impossible à joindre.
[validate-env] ✅ Toutes les variables d'environnement sont valides.
CORS allowlist (exact): https://forevercivstore.com, https://admin.forevercivstore.com, https://appfbo-frontend.vercel.app
CORS allowlist (patterns): /^https:\/\/[^.]+\.forevercivstore\.com$/i, /^https:\/\/[^.]+\.vercel\.app$/i
[notification-dispatch] scheduler started every 20s
API running on port 4000
[preorder-expiration] reminder summary { ok: true, dryRun: false, remindersSentCount: 0, reminded: [] }
[preorder-expiration] auto-cancel summary {
  ok: true,
  dryRun: false,
  checkedAt: '2026-08-01T20:12:29.441Z',
  cancelledCount: 0,
  cancelled: []
}
[preorder-expiration] reminder summary { ok: true, dryRun: false, remindersSentCount: 0, reminded: [] }
[preorder-expiration] auto-cancel summary {
  ok: true,
  dryRun: false,
  checkedAt: '2026-08-01T20:17:29.447Z',
  cancelledCount: 0,
  cancelled: []
}
[preorder-expiration] reminder summary { ok: true, dryRun: false, remindersSentCount: 0, reminded: [] }
[preorder-expiration] auto-cancel summary {
  ok: true,
  dryRun: false,
  checkedAt: '2026-08-01T20:22:29.453Z',
  cancelledCount: 0,
  cancelled: []
}
[preorder-expiration] reminder summary { ok: true, dryRun: false, remindersSentCount: 0, reminded: [] }
[preorder-expiration] auto-cancel summary {
  ok: true,
  dryRun: false,
  checkedAt: '2026-08-01T20:27:29.460Z',
  cancelledCount: 0,
  cancelled: []
}
[preorder-expiration] reminder summary { ok: true, dryRun: false, remindersSentCount: 0, reminded: [] }
[preorder-expiration] auto-cancel summary {
  ok: true,
  dryRun: false,
  checkedAt: '2026-08-01T20:32:29.470Z',
  cancelledCount: 0,
  cancelled: []
}
[preorder-expiration] reminder summary { ok: true, dryRun: false, remindersSentCount: 0, reminded: [] }
[preorder-expiration] auto-cancel summary {
  ok: true,
  dryRun: false,
  checkedAt: '2026-08-01T20:37:29.478Z',
  cancelledCount: 0,
  cancelled: []
}
[preorder-expiration] reminder summary { ok: true, dryRun: false, remindersSentCount: 0, reminded: [] }
[preorder-expiration] auto-cancel summary {
  ok: true,
  dryRun: false,
  checkedAt: '2026-08-01T20:42:29.481Z',
  cancelledCount: 0,
  cancelled: []
}
